> Task :library:compileJava
> Task :library:compileGroovy NO-SOURCE
> Task :library:processResources NO-SOURCE
> Task :library:classes
> Task :library:jar
> Task :application:compileJava
> Task :application:compileGroovy NO-SOURCE
> Task :application:processResources NO-SOURCE
> Task :application:classes
> Task :application:compileTestJava NO-SOURCE
> Task :application:compileTestGroovy
> Task :application:processTestResources NO-SOURCE
> Task :application:testClasses
> Task :application:test
> Task :library:compileTestJava NO-SOURCE
> Task :library:compileTestGroovy
> Task :library:processTestResources NO-SOURCE
> Task :library:testClasses
> Task :library:test

BUILD SUCCESSFUL in 0s
9 actionable tasks: 9 executed
